//go:build ignore

package foo; import "braces.dev/errtrace"

type myError struct{}

func (*myError) Error() string {
	return "sadness"
}

func Try() error {
	return errtrace.Wrap(&myError{})
}
