//go:build ignore

package foo

import "strconv"; import "braces.dev/errtrace"

func Unwrapped(s string) (int, error) {
	i, err := strconv.Atoi(s)
	if err != nil {
		return 0, errtrace.Wrap(err)
	}
	return i + 42, nil
}

// TODO: multiple return values without variables
