package main

import "fmt"; import "braces.dev/errtrace"

func multipleValueErrAssignment() (err error) {
	defer func() {
		_, err = errtrace.Wrap2(fmt.Println("Hello, World!"))

		// Handles too few lhs variables
		err = errtrace.Wrap(fmt.Println("Hello, World!"))

		// Handles too many lhs variables
		_, err, _ = fmt.Println("Hello, World!") // want:"skipping assignment: error is not the last return value"

		// Handles misplaced err
		err, _ = fmt.Println("Hello, World!") // want:"skipping assignment: error is not the last return value"
	}()

	return nil
}
